00:00 +0: loading C:/Personal/Programming/Personal Projects/kivo-player/test/core/format_test.dart
00:00 +0: C:/Personal/Programming/Personal Projects/kivo-player/test/core/format_test.dart: fmtDuration
00:00 +1: C:/Personal/Programming/Personal Projects/kivo-player/test/core/format_test.dart: basenameOf handles both separators and null
00:01 +2: C:/Personal/Programming/Personal Projects/kivo-player/test/core/settings/settings_service_test.dart: loads defaults when store is empty
00:01 +3: C:/Personal/Programming/Personal Projects/kivo-player/test/core/settings/settings_service_test.dart: persists and reloads updated settings
00:01 +4: C:/Personal/Programming/Personal Projects/kivo-player/test/core/settings/settings_service_test.dart: round-trips through map
00:01 +5: C:/Personal/Programming/Personal Projects/kivo-player/test/core/settings/settings_service_test.dart: accentColor defaults to gold and round-trips
00:01 +6: C:/Personal/Programming/Personal Projects/kivo-player/test/core/theme/kivo_theme_test.dart: palette matches spec
00:01 +7: C:/Personal/Programming/Personal Projects/kivo-player/test/core/theme/kivo_theme_test.dart: dark theme uses gold as secondary accent
00:01 +8: C:/Personal/Programming/Personal Projects/kivo-player/test/platform/device_controls_test.dart: brightness clamps to 0..1
00:02 +9: C:/Personal/Programming/Personal Projects/kivo-player/test/player/control/gesture_math_test.dart: tapZoneOf splits screen into thirds
00:02 +10: C:/Personal/Programming/Personal Projects/kivo-player/test/player/control/gesture_math_test.dart: clampSeek clamps to [0, total]
00:02 +11: C:/Personal/Programming/Personal Projects/kivo-player/test/player/control/gesture_math_test.dart: dragValue increases when dragging up (negative dy)
00:02 +12: C:/Personal/Programming/Personal Projects/kivo-player/test/player/control/gesture_math_test.dart: ladderSpeed maps fraction to discrete steps
00:02 +13: C:/Personal/Programming/Personal Projects/kivo-player/test/player/control/gesture_math_test.dart: snapToDetent snaps within epsilon, passes through otherwise
00:02 +14: C:/Personal/Programming/Personal Projects/kivo-player/test/player/control/gesture_math_test.dart: clampRate and round2
00:02 +15: C:/Personal/Programming/Personal Projects/kivo-player/test/player/control/gesture_math_test.dart: volumeMapping splits system vs player gain at 100%
00:02 +16: C:/Personal/Programming/Personal Projects/kivo-player/test/player/control/gesture_math_test.dart: dragVolumePercent: drag up from 80 caps at 100 (per-drag cap)
00:02 +17: C:/Personal/Programming/Personal Projects/kivo-player/test/player/control/gesture_math_test.dart: dragVolumePercent: drag up from 100 can reach boostMax 150
00:02 +18: C:/Personal/Programming/Personal Projects/kivo-player/test/player/control/gesture_math_test.dart: dragVolumePercent: drag down lowers volume
00:07 +19: C:/Personal/Programming/Personal Projects/kivo-player/test/player/control/player_controller_test.dart: skipBy clamps using live position and duration
00:07 +20: C:/Personal/Programming/Personal Projects/kivo-player/test/player/control/player_controller_test.dart: setVolumePercent maps system + player gain and updates provider
00:07 +21: C:/Personal/Programming/Personal Projects/kivo-player/test/player/control/player_controller_test.dart: setVolumePercent stores user-facing value (not player gain) for sub-100 volume
00:07 +22: C:/Personal/Programming/Personal Projects/kivo-player/test/player/control/player_controller_test.dart: setRate clamps to max and updates provider
00:08 +23: C:/Personal/Programming/Personal Projects/kivo-player/test/player/engine/playback_provider_test.dart: positionProvider reflects engine stream
00:08 +24: C:/Personal/Programming/Personal Projects/kivo-player/test/player/queue/folder_queue_scanner_test.dart: returns only video siblings, naturally sorted
00:08 +25: C:/Personal/Programming/Personal Projects/kivo-player/test/player/queue/folder_queue_scanner_test.dart: handles backslash paths and uppercase extensions
00:09 +26: C:/Personal/Programming/Personal Projects/kivo-player/test/player/queue/natural_sort_test.dart: orders episode numbers numerically, not lexically
00:09 +27: C:/Personal/Programming/Personal Projects/kivo-player/test/player/queue/natural_sort_test.dart: case-insensitive
00:09 +28: C:/Personal/Programming/Personal Projects/kivo-player/test/player/queue/natural_sort_test.dart: handles non-BMP characters (emoji) without garbling order
00:09 +29: C:/Personal/Programming/Personal Projects/kivo-player/test/player/resume/resume_service_test.dart: does not record below min threshold
00:09 +30: C:/Personal/Programming/Personal Projects/kivo-player/test/player/resume/resume_service_test.dart: records position above threshold
00:09 +31: C:/Personal/Programming/Personal Projects/kivo-player/test/player/resume/resume_service_test.dart: clears when near the end (finished)
00:09 +32: C:/Personal/Programming/Personal Projects/kivo-player/test/player/resume/resume_service_test.dart: records exactly at the min threshold but not just below it
00:14 +33: C:/Personal/Programming/Personal Projects/kivo-player/test/smoke_test.dart: OpenScreen renders without crashing
00:15 +34: C:/Personal/Programming/Personal Projects/kivo-player/test/ui/open_flow_test.dart: opening a video with saved resume seeks engine to that position
00:17 +35: C:/Personal/Programming/Personal Projects/kivo-player/test/ui/player/controls_overlay_test.dart: play/pause button toggles engine playing
00:17 +36: C:/Personal/Programming/Personal Projects/kivo-player/test/ui/player/controls_visibility_test.dart: toggle shows then auto-hides after controlsAutoHideMs
00:17 +37: C:/Personal/Programming/Personal Projects/kivo-player/test/ui/player/controls_visibility_test.dart: hide cancels timer immediately
00:17 +38: C:/Personal/Programming/Personal Projects/kivo-player/test/ui/player/controls_visibility_test.dart: show restarts timer
00:19 +39: C:/Personal/Programming/Personal Projects/kivo-player/test/ui/player/hud_overlay_test.dart: HudOverlay shows label when HUD active, nothing when null
00:19 +40: C:/Personal/Programming/Personal Projects/kivo-player/test/ui/player/hud_overlay_test.dart: HudOverlay renders brightness HUD with label
00:20 +41: C:/Personal/Programming/Personal Projects/kivo-player/test/ui/player/hud_state_test.dart: show sets state and clears after 800ms
00:21 +42: C:/Personal/Programming/Personal Projects/kivo-player/test/ui/player/player_gestures_test.dart: single tap toggles controls visibility
00:22 +43: C:/Personal/Programming/Personal Projects/kivo-player/test/ui/player/player_gestures_test.dart: double tap on right edge skips forward
00:23 +44: C:/Personal/Programming/Personal Projects/kivo-player/test/ui/player/player_screen_controls_test.dart: tapping the screen reveals the control bars
00:24 +45: C:/Personal/Programming/Personal Projects/kivo-player/test/ui/player/player_screen_controls_test.dart: tapping the screen reveals the control bars
00:24 +46: C:/Personal/Programming/Personal Projects/kivo-player/test/ui/player/speed_ladder_test.dart: holdRightSpeedFor: top of screen = max, bottom = min
00:25 +47: C:/Personal/Programming/Personal Projects/kivo-player/test/ui/player/speed_panel_test.dart: tapping the 2.0x preset chip sets the rate
00:26 +48: All tests passed!
